开始抓图自检（约 2 秒）...
  抓图自检: screendc 拿到的是活画面 ✅
  提示: 游戏当前不是前台窗口。screendc 要求它可见且没被盖住。
  遮挡检查: 游戏完整可见 ✅
监视中，热键 [F9] 抓当前帧，[F10] 停止，画面稳定后自动存。抓图方式 [screendc]。Ctrl+C 结束。
完整日志: F:\dsh\Eworkspace\hbr\frames\session-20261006-140846.log
      >> 伤害数字 171,997  (置信 0.73)
  #0043 [damage  ] 000043.png  2048x1152  peak=1.000
      >> 伤害数字 178,474  (置信 0.79)
  #0044 [damage  ] 000044.png  2048x1152  peak=0.519
      >> 伤害数字 175,981  (置信 0.80)
  #0045 [damage  ] 000045.png  2048x1152  peak=0.470
      >> 伤害数字 16,943  (置信 0.78)
  #0046 [damage  ] 000046.png  2048x1152  peak=0.418
      >> 伤害数字 4,186  (置信 0.90)
  #0047 [damage  ] 000047.png  2048x1152  peak=0.393
      >> 伤害数字 1,051,599  (置信 0.91)
  #0048 [damage  ] 000048.png  2048x1152  peak=0.463
  #0049 [settle  ] 000049.png  2048x1152  peak=0.057
      >> 伤害数字 1,733,546  (置信 0.80)
  #0050 [damage  ] 000050.png  2048x1152  peak=0.554
  #0051 [settle  ] 000051.png  2048x1152  peak=0.532
      >> 伤害数字 2,228,114  (置信 0.93)
  #0052 [damage  ] 000052.png  2048x1152  peak=0.548
  #0053 [settle  ] 000053.png  2048x1152  peak=0.051
      >> 伤害数字 1,734,959  (置信 0.79)
  #0054 [damage  ] 000054.png  2048x1152  peak=0.566
  #0055 [settle  ] 000055.png  2048x1152  peak=0.380

收到停止请求，收工。

汇总: 存了 55 帧 {'damage': 9, 'settle': 4}，跳过 0 张重复图，抓帧 525 次，实际 4.88 fps，用时 107.5s
      内容触发命中 9 次，闪白帧丢弃 0 次
输出目录: F:\dsh\Eworkspace\hbr\frames
