开始抓图自检（约 2 秒）...
  抓图自检: screendc 拿到的是活画面 ✅
  提示: 游戏当前不是前台窗口。screendc 要求它可见且没被盖住。
  遮挡检查: 游戏完整可见 ✅
监视中，热键 [F9] 抓当前帧，[F10] 停止，画面稳定后自动存。抓图方式 [screendc]。Ctrl+C 结束。
完整日志: F:\dsh\Eworkspace\hbr\frames\session-20261006-142335.log
      >> 合计伤害 438,986  (数字 0.89)
  #0043 [damage  ] 000043.png  2048x1152  peak=1.000
  #0044 [settle  ] 000044.png  2048x1152  peak=0.323
  #0045 [settle  ] 000045.png  2048x1152  peak=0.445
      >> 合计伤害 2,032,774  (数字 0.73)
  #0046 [damage  ] 000046.png  2048x1152  peak=0.139
  #0047 [settle  ] 000047.png  2048x1152  peak=0.471
      >> 合计伤害 9  (数字 0.40)
  #0048 [damage  ] 000048.png  2048x1152  peak=0.225
  #0049 [settle  ] 000049.png  2048x1152  peak=0.499
      >> 合计伤害 1,829,591  (数字 0.81)
  #0050 [damage  ] 000050.png  2048x1152  peak=0.134
  #0051 [settle  ] 000051.png  2048x1152  peak=0.349
  #0052 [settle  ] 000052.png  2048x1152  peak=0.063
      >> 合计伤害 4,975,257  (数字 0.68)
  #0053 [damage  ] 000053.png  2048x1152  peak=0.434
  #0054 [settle  ] 000054.png  2048x1152  peak=0.355

收到停止请求，收工。

汇总: 存了 54 帧 {'damage': 5, 'settle': 7}，跳过 0 张重复图，抓帧 485 次，实际 4.87 fps，用时 99.56s
      内容触发命中 5 次，同一数值重复跳过 27 次，闪白帧丢弃 0 次
输出目录: F:\dsh\Eworkspace\hbr\frames
