开始抓图自检（约 2 秒）...
  抓图自检: screendc 拿到的是活画面 ✅
  提示: 游戏当前不是前台窗口。screendc 要求它可见且没被盖住。
  !! 有窗口压在游戏上面，被挡住的区域会抓到遮挡物：
        5.6%  pythonw.exe  '(无标题)'
        2.8%  pythonw.exe  '(无标题)'
        2.8%  pythonw.exe  '(无标题)'
        2.8%  pythonw.exe  '(无标题)'
监视中，热键 [F9] 抓当前帧，[F10] 停止，画面稳定后自动存。抓图方式 [screendc]。Ctrl+C 结束。
完整日志: F:\dsh\Eworkspace\hbr\frames\session-20261006-143712.log
      >> 合计伤害 610,279  (数字 0.79)
  #0043 [damage  ] 000043.png  2048x1152  peak=1.000
      >> 未知伤害 510,279  (数字 0.58)
  #0044 [damage  ] 000044.png  2048x1152  peak=0.262
      >> 未知伤害 610,279  (数字 0.27)
  #0045 [damage  ] 000045.png  2048x1152  peak=0.285
      >> 合计伤害 428  (数字 0.93)
  #0046 [damage  ] 000046.png  2048x1152  peak=0.308
      >> 合计伤害 4,238  (数字 0.95)
  #0047 [damage  ] 000047.png  2048x1152  peak=0.297
      >> 合计伤害 238  (数字 0.95)
  #0048 [damage  ] 000048.png  2048x1152  peak=0.042
      >> 合计伤害 4,238  (数字 0.95)
  #0049 [damage  ] 000049.png  2048x1152  peak=0.039
      >> 未知伤害 82,067  (数字 0.81)
  #0050 [damage  ] 000050.png  2048x1152  peak=0.527
      >> 合计伤害 1,882,067  (数字 0.81)
  #0051 [damage  ] 000051.png  2048x1152  peak=0.154
      >> 合计伤害 3,248,657  (数字 0.75)
  #0052 [damage  ] 000052.png  2048x1152  peak=0.526
      >> 合计伤害 248,657  (数字 0.75)
  #0053 [damage  ] 000053.png  2048x1152  peak=0.077
      >> 合计伤害 3,248,657  (数字 0.81)
  #0054 [damage  ] 000054.png  2048x1152  peak=0.163
  #0055 [settle  ] 000055.png  2048x1152  peak=0.489
      >> 合计伤害 495  (数字 0.87)
  #0056 [damage  ] 000056.png  2048x1152  peak=0.112
      >> 合计伤害 501  (数字 0.82)
  #0057 [damage  ] 000057.png  2048x1152  peak=0.459
      >> 合计伤害 511  (数字 0.18)
  #0058 [damage  ] 000058.png  2048x1152  peak=0.161
      >> 合计伤害 501  (数字 0.83)
  #0059 [damage  ] 000059.png  2048x1152  peak=0.230
      >> 合计伤害 511  (数字 0.18)
  #0060 [damage  ] 000060.png  2048x1152  peak=0.092
      >> 合计伤害 501  (数字 0.90)
  #0061 [damage  ] 000061.png  2048x1152  peak=0.079
      >> 合计伤害 121  (数字 0.42)
  #0062 [damage  ] 000062.png  2048x1152  peak=0.504
      >> 合计伤害 1,702,712  (数字 0.79)
  #0063 [damage  ] 000063.png  2048x1152  peak=0.002
      >> 合计伤害 5,207,783  (数字 0.76)
  #0064 [damage  ] 000064.png  2048x1152  peak=0.513

收到停止请求，收工。

汇总: 存了 64 帧 {'damage': 21, 'settle': 1}，跳过 0 张重复图，抓帧 484 次，实际 4.84 fps，用时 99.98s
      内容触发命中 21 次，同一数值重复跳过 51 次，闪白帧丢弃 0 次
      画面稳定时因伤害数字已存过而跳过 3 次
输出目录: F:\dsh\Eworkspace\hbr\frames
